// Jest Snapshot v1, https://goo.gl/fbAQLP

exports[`Auth should render the Auth 1`] = `
<main
  class=""
>
  <h1>
    Auth
  </h1>
</main>
`;
